Archive member included to satisfy reference by file (symbol)

/home/med/Desktop/workflow/build/digilent_arty_cv32e41p/software/libc/libc.a(libc_stdlib_atoi.c.o)
                              ./obj/binary.o (symbol from plugin) (atoi)
/home/med/Desktop/workflow/build/digilent_arty_cv32e41p/software/libc/libc.a(libc_stdlib_strtol.c.o)
                              /home/med/Desktop/workflow/build/digilent_arty_cv32e41p/software/libc/libc.a(libc_stdlib_atoi.c.o) (strtol)
/home/med/Desktop/workflow/build/digilent_arty_cv32e41p/software/libc/libc.a(libc_string_strchr.c.o)
                              ./obj/main.o (symbol from plugin) (strchr)
/home/med/Desktop/workflow/build/digilent_arty_cv32e41p/software/libc/libc.a(libc_tinystdio_fgetc.c.o)
                              ./obj/console.o (symbol from plugin) (fgetc)
/home/med/Desktop/workflow/build/digilent_arty_cv32e41p/software/libc/libc.a(libc_tinystdio_fputc.c.o)
                              ./obj/donut.o (symbol from plugin) (fputc)
/home/med/Desktop/workflow/build/digilent_arty_cv32e41p/software/libc/libc.a(libc_tinystdio_fputs.c.o)
                              ./obj/console.o (symbol from plugin) (fputs)
/home/med/Desktop/workflow/build/digilent_arty_cv32e41p/software/libc/libc.a(libc_tinystdio_printf.c.o)
                              ./obj/binary.o (symbol from plugin) (printf)
/home/med/Desktop/workflow/build/digilent_arty_cv32e41p/software/libc/libc.a(libc_tinystdio_puts.c.o)
                              ./obj/main.o (symbol from plugin) (puts)
/home/med/Desktop/workflow/build/digilent_arty_cv32e41p/software/libc/libc.a(libc_tinystdio_scanf.c.o)
                              ./obj/board.o (symbol from plugin) (scanf)
/home/med/Desktop/workflow/build/digilent_arty_cv32e41p/software/libc/libc.a(libc_tinystdio_vfiprintf.c.o)
                              /home/med/Desktop/workflow/build/digilent_arty_cv32e41p/software/libc/libc.a(libc_tinystdio_printf.c.o) (vfprintf)
/home/med/Desktop/workflow/build/digilent_arty_cv32e41p/software/libc/libc.a(libc_tinystdio_vfiscanf.c.o)
                              /home/med/Desktop/workflow/build/digilent_arty_cv32e41p/software/libc/libc.a(libc_tinystdio_scanf.c.o) (vfscanf)
/home/med/Desktop/workflow/build/digilent_arty_cv32e41p/software/libc/libc.a(memcpy-asm.S.o)
                              ./obj/test1.o (symbol from plugin) (memcpy)
/home/med/Desktop/workflow/build/digilent_arty_cv32e41p/software/libc/libc.a(memset.S.o)
                              /home/med/Desktop/workflow/build/digilent_arty_cv32e41p/software/libc/libc.a(libc_tinystdio_vfiscanf.c.o) (memset)
/home/med/Desktop/workflow/build/digilent_arty_cv32e41p/software/libc/libc.a(strcmp.S.o)
                              ./obj/testspi.o (symbol from plugin) (strcmp)
/home/med/Desktop/workflow/build/digilent_arty_cv32e41p/software/libc/libc.a(strlen.c.o)
                              ./obj/console.o (symbol from plugin) (strlen)
/home/med/Desktop/workflow/build/digilent_arty_cv32e41p/software/libc/libc.a(_libc.a)
                              /home/med/Desktop/workflow/build/digilent_arty_cv32e41p/software/libc/libc.a(libc_tinystdio_scanf.c.o) (stdin)
/home/med/Desktop/workflow/build/digilent_arty_cv32e41p/software/libc/libc.a(libc_ctype_ctype_.c.o)
                              /home/med/Desktop/workflow/build/digilent_arty_cv32e41p/software/libc/libc.a(libc_stdlib_strtol.c.o) (_ctype_)
/home/med/Desktop/workflow/build/digilent_arty_cv32e41p/software/libc/libc.a(libc_errno_errno.c.o)
                              /home/med/Desktop/workflow/build/digilent_arty_cv32e41p/software/libc/libc.a(libc_stdlib_strtol.c.o) (errno)
/home/med/Desktop/workflow/build/digilent_arty_cv32e41p/software/libc/libc.a(libc_string_strnlen.c.o)
                              /home/med/Desktop/workflow/build/digilent_arty_cv32e41p/software/libc/libc.a(libc_tinystdio_vfiprintf.c.o) (strnlen)
/home/med/Desktop/workflow/build/digilent_arty_cv32e41p/software/libc/libc.a(libc_tinystdio_ungetc.c.o)
                              /home/med/Desktop/workflow/build/digilent_arty_cv32e41p/software/libc/libc.a(libc_tinystdio_vfiscanf.c.o) (ungetc)
/home/med/Desktop/workflow/build/digilent_arty_cv32e41p/software/libbase/libbase.a(console.o)
                              ./obj/console.o (symbol from plugin) (readchar_nonblock)
/home/med/Desktop/workflow/build/digilent_arty_cv32e41p/software/libbase/libbase.a(system.o)
                              ./obj/main.o (symbol from plugin) (busy_wait)
/home/med/Desktop/workflow/build/digilent_arty_cv32e41p/software/libbase/libbase.a(uart.o)
                              ./obj/isr.o (symbol from plugin) (uart_isr)
/home/med/Desktop/workflow/build/digilent_arty_cv32e41p/software/libcompiler_rt/libcompiler_rt.a(divdi3.o)
                              /tmp/ccnUWuy0.ltrans0.ltrans.o (__divdi3)
/home/med/Desktop/workflow/build/digilent_arty_cv32e41p/software/libcompiler_rt/libcompiler_rt.a(udivmoddi4.o)
[...]
Memory Configuration

Name             Origin             Length             Attributes
rom              0x0000000000000000 0x0000000000020000
sram             0x0000000001000000 0x0000000000002000
main_ram         0x0000000040000000 0x0000000010000000
csr              0x0000000082000000 0x0000000000010000
*default*        0x0000000000000000 0xffffffffffffffff

Linker script and memory map

LOAD ./obj/libspi.o
LOAD /tmp/ccnUWuy0.ltrans0.ltrans.o
LOAD /tmp/ccYKObn3.debug.temp.o
LOAD /tmp/ccR8FtU3.debug.temp.o
LOAD /tmp/cc3M8R80.debug.temp.o
LOAD /tmp/cce6orB3.debug.temp.o
LOAD /tmp/ccQ1ADH2.debug.temp.o
LOAD /tmp/cc1Qz763.debug.temp.o
LOAD /tmp/ccKu9WYZ.debug.temp.o
LOAD /tmp/ccqvmz83.debug.temp.o
LOAD /tmp/ccfWNKVZ.debug.temp.o
LOAD /tmp/ccKnof9Z.debug.temp.o
LOAD /tmp/cc7J9Vj0.debug.temp.o
LOAD /tmp/ccBym5i1.debug.temp.o
LOAD /tmp/ccWYnS8Z.debug.temp.o
LOAD /tmp/cc9pFjC0.debug.temp.o
LOAD /tmp/ccpBsEe0.debug.temp.o
LOAD /tmp/ccxiNxv2.debug.temp.o
LOAD /tmp/ccZSVYz1.debug.temp.o
LOAD /tmp/ccPl1uA2.debug.temp.o
LOAD /tmp/ccqVux12.debug.temp.o
LOAD /tmp/ccfNEMj3.debug.temp.o
LOAD /tmp/ccZWsom3.debug.temp.o
LOAD /tmp/cc8YM480.debug.temp.o
LOAD /tmp/ccGOpn83.debug.temp.o
LOAD /tmp/ccGni6Z0.debug.temp.o
LOAD /tmp/ccGsctf4.debug.temp.o
LOAD /tmp/cckdQAa1.debug.temp.o
LOAD /tmp/cc1GaRe2.debug.temp.o
LOAD /tmp/ccQbCMB0.debug.temp.o
LOAD /tmp/ccPXyZd3.debug.temp.o
LOAD /tmp/ccJbQ9E0.debug.temp.o
LOAD /tmp/ccLNvlPZ.debug.temp.o
LOAD /tmp/ccjQUFz0.debug.temp.o
LOAD /tmp/ccL4kuf3.debug.temp.o
LOAD /tmp/ccsqYZR2.debug.temp.o
LOAD /tmp/ccJbjDi4.debug.temp.o
LOAD ./obj/isr.o
LOAD ./obj/console.o
LOAD ./obj/binary.o
LOAD ./obj/delai.o
LOAD ./obj/libisr.o
LOAD ./obj/donut.o
LOAD ./obj/helloc.o
LOAD ./obj/simple.o
LOAD ./obj/testspi.o
LOAD ./obj/main.o
LOAD ./obj/iotest.o
LOAD ./obj/test1.o
LOAD ./obj/systime.o
LOAD ./obj/nvmm.o
LOAD ./obj/i2c.o
LOAD ./obj/gpio.o
LOAD ./obj/delay.o
LOAD ./obj/fifo.o
LOAD ./obj/timer.o
LOAD ./obj/adc.o
LOAD ./obj/sx1276.o
LOAD ./obj/sx1276-board.o
LOAD ./obj/spi-board.o
LOAD ./obj/utilities.o
LOAD ./obj/gpio-board.o
LOAD ./obj/delay-board.o
LOAD ./obj/board.o
LOAD ./obj/eeprom-board.o
LOAD ./obj/rtc-board.o
LOAD ./obj/i2c-board.o
LOAD ./obj/crt0.o
LOAD /home/med/Desktop/workflow/build/digilent_arty_cv32e41p/software/libc/libc.a
LOAD /home/med/Desktop/workflow/build/digilent_arty_cv32e41p/software/libcompiler_rt/libcompiler_rt.a
LOAD /home/med/Desktop/workflow/build/digilent_arty_cv32e41p/software/libbase/libbase.a
LOAD /home/med/Desktop/workflow/build/digilent_arty_cv32e41p/software/libfatfs/libfatfs.a
LOAD /home/med/Desktop/workflow/build/digilent_arty_cv32e41p/software/liblitespi/liblitespi.a
LOAD /home/med/Desktop/workflow/build/digilent_arty_cv32e41p/software/liblitedram/liblitedram.a
LOAD /home/med/Desktop/workflow/build/digilent_arty_cv32e41p/software/libliteeth/libliteeth.a
LOAD /home/med/Desktop/workflow/build/digilent_arty_cv32e41p/software/liblitesdcard/liblitesdcard.a
LOAD /home/med/Desktop/workflow/build/digilent_arty_cv32e41p/software/liblitesata/liblitesata.a
                0x0000000000000000                __DYNAMIC = 0x0

.text           0x0000000040000000     0x38dc
                0x0000000040000000                _ftext = .
 *crt0*(.text)
 .text          0x0000000040000000      0x2ee ./obj/crt0.o
                0x0000000040000000                _start
                0x0000000040000140                trap_entry
 *crt0*(.text)
 *(.text.isr)
 *(.text .stub .text.* .gnu.linkonce.t.*)
 .text          0x00000000400002ee     0x2256 /tmp/ccnUWuy0.ltrans0.ltrans.o
                0x0000000040002376                isr
 .text.startup  0x0000000040002544      0x780 /tmp/ccnUWuy0.ltrans0.ltrans.o
                0x0000000040002544                main
 .text.strchr   0x0000000040002cc4       0x1a /home/med/Desktop/workflow/build/digilent_arty_cv32e41p/software/libc/libc.a(libc_string_strchr.c.o)
                0x0000000040002cc4                strchr
 .text.fgetc    0x0000000040002cde       0x52 /home/med/Desktop/workflow/build/digilent_arty_cv32e41p/software/libc/libc.a(libc_tinystdio_fgetc.c.o)
                0x0000000040002cde                getc
                0x0000000040002cde                fgetc
 .text.fputc    0x0000000040002d30       0x2a /home/med/Desktop/workflow/build/digilent_arty_cv32e41p/software/libc/libc.a(libc_tinystdio_fputc.c.o)
                0x0000000040002d30                putc
                0x0000000040002d30                fputc
 .text.fputs    0x0000000040002d5a       0x3e /home/med/Desktop/workflow/build/digilent_arty_cv32e41p/software/libc/libc.a(libc_tinystdio_fputs.c.o)
                0x0000000040002d5a                fputs
 .text.printf   0x0000000040002d98       0x28 /home/med/Desktop/workflow/build/digilent_arty_cv32e41p/software/libc/libc.a(libc_tinystdio_printf.c.o)
                0x0000000040002d98                printf
 .text.puts     0x0000000040002dc0       0x4a /home/med/Desktop/workflow/build/digilent_arty_cv32e41p/software/libc/libc.a(libc_tinystdio_puts.c.o)
                0x0000000040002dc0                puts
 .text.__ultoa_invert
                0x0000000040002e0a      0x218 /home/med/Desktop/workflow/build/digilent_arty_cv32e41p/software/libc/libc.a(libc_tinystdio_vfiprintf.c.o)
 .text.vfprintf
                0x0000000040003022      0x56a /home/med/Desktop/workflow/build/digilent_arty_cv32e41p/software/libc/libc.a(libc_tinystdio_vfiprintf.c.o)
                0x0000000040003022                __i_vfprintf
                0x0000000040003022                vfprintf
 .text.memcpy   0x000000004000358c       0x16 /home/med/Desktop/workflow/build/digilent_arty_cv32e41p/software/libc/libc.a(memcpy-asm.S.o)
                0x000000004000358c                memcpy
 .text.memset   0x00000000400035a2       0x10 /home/med/Desktop/workflow/build/digilent_arty_cv32e41p/software/libc/libc.a(memset.S.o)
                0x00000000400035a2                memset
 .text.strcmp   0x00000000400035b2       0x18 /home/med/Desktop/workflow/build/digilent_arty_cv32e41p/software/libc/libc.a(strcmp.S.o)
                0x00000000400035b2                strcmp
 .text.strlen   0x00000000400035ca       0x12 /home/med/Desktop/workflow/build/digilent_arty_cv32e41p/software/libc/libc.a(strlen.c.o)
                0x00000000400035ca                strlen
 .text.strnlen  0x00000000400035dc       0x18 /home/med/Desktop/workflow/build/digilent_arty_cv32e41p/software/libc/libc.a(libc_string_strnlen.c.o)
                0x00000000400035dc                strnlen
 .text          0x00000000400035f4      0x228 /home/med/Desktop/workflow/build/digilent_arty_cv32e41p/software/libcompiler_rt/libcompiler_rt.a(udivmoddi4.o)
                0x00000000400035f4                __udivmoddi4
 .text          0x000000004000381c       0x66 /home/med/Desktop/workflow/build/digilent_arty_cv32e41p/software/libcompiler_rt/libcompiler_rt.a(clzsi2.o)
                0x000000004000381c                __clzsi2
 .text          0x0000000040003882       0x54 /home/med/Desktop/workflow/build/digilent_arty_cv32e41p/software/libcompiler_rt/libcompiler_rt.a(ctzsi2.o)
                0x0000000040003882                __ctzsi2
 .text          0x00000000400038d6        0x6 /home/med/Desktop/workflow/build/digilent_arty_cv32e41p/software/libcompiler_rt/libcompiler_rt.a(udivdi3.o)
                0x00000000400038d6                __udivdi3
                0x00000000400038dc                _etext = .

.rodata         0x00000000400038dc      0x66c
                0x00000000400038e0                . = ALIGN (0x8)
 *fill*         0x00000000400038dc        0x4 
                0x00000000400038e0                _frodata = .
 *(.rodata .rodata.* .gnu.linkonce.r.*)
 .rodata.str1.4
                0x00000000400038e0      0x4a9 /tmp/ccnUWuy0.ltrans0.ltrans.o
                                        0x4b1 (size before relaxing)
 *fill*         0x0000000040003d89        0x3 
 .rodata        0x0000000040003d8c      0x160 /tmp/ccnUWuy0.ltrans0.ltrans.o
 .rodata.str1.4
                0x0000000040003eec       0x10 /home/med/Desktop/workflow/build/digilent_arty_cv32e41p/software/libc/libc.a(libc_tinystdio_vfiprintf.c.o)
 .rodata        0x0000000040003efc       0x4c /home/med/Desktop/workflow/build/digilent_arty_cv32e41p/software/libc/libc.a(libc_tinystdio_vfiprintf.c.o)
 *(.rodata1)
                0x0000000040003f48                . = ALIGN (0x8)
                0x0000000040003f48                _erodata = .

.srodata        0x0000000040003f48        0x8
 .srodata       0x0000000040003f48        0x8 /tmp/ccnUWuy0.ltrans0.ltrans.o
                0x0000000040003f48                stdin
                0x0000000040003f4c                stdout

.rela.dyn       0x0000000040003f50        0x0
 .rela.text     0x0000000040003f50        0x0 ./obj/crt0.o

.data           0x0000000001000000       0xf0 load address 0x0000000040003f50
                0x0000000001000000                . = ALIGN (0x8)
                0x0000000001000000                _fdata = .
 *(.data .data.* .gnu.linkonce.d.*)
 .data          0x0000000001000000       0xf0 /tmp/ccnUWuy0.ltrans0.ltrans.o
 *(.data1)
                0x00000000010000f0                _gp = ALIGN (0x10)
 *(.sdata .sdata.* .gnu.linkonce.s.*)
                0x00000000010000f0                . = ALIGN (0x8)
                0x00000000010000f0                _edata = .

.bss            0x00000000010000f0     0x1248 load address 0x0000000040004040
                0x00000000010000f0                . = ALIGN (0x8)
                0x00000000010000f0                _fbss = .
 *(.dynsbss)
 *(.sbss .sbss.* .gnu.linkonce.sb.*)
 .sbss          0x00000000010000f0       0x2c /tmp/ccnUWuy0.ltrans0.ltrans.o
 *(.scommon)
 *(.dynbss)
 *(.bss .bss.* .gnu.linkonce.b.*)
 .bss           0x000000000100011c     0x1218 /tmp/ccnUWuy0.ltrans0.ltrans.o
 *(COMMON)
                0x0000000001001338                . = ALIGN (0x8)
 *fill*         0x0000000001001334        0x4 
                0x0000000001001338                _ebss = .
                0x0000000001001338                _end = .
                0x0000000001002000                PROVIDE (_fstack = (ORIGIN (sram) + LENGTH (sram)))
                0x0000000040003f50                PROVIDE (_fdata_rom = LOADADDR (.data))
                [!provide]                        PROVIDE (_edata_rom = (LOADADDR (.data) + SIZEOF (.data)))
OUTPUT(demo.elf elf32-littleriscv)

.debug_info     0x0000000000000000     0xe083
 .debug_info    0x0000000000000000     0x5f52 /tmp/ccnUWuy0.ltrans0.ltrans.o
 .debug_info    0x0000000000005f52      0x3f5 /tmp/ccYKObn3.debug.temp.o
                0x0000000000005f52                libspi.c.ac07d7fd
 .debug_info    0x0000000000006347       0xf0 /tmp/ccR8FtU3.debug.temp.o
                0x0000000000006347                isr.c.faf0a2da
 .debug_info    0x0000000000006437      0x287 /tmp/cc3M8R80.debug.temp.o
                0x0000000000006437                console.c.95288089
 .debug_info    0x00000000000066be      0x1ea /tmp/cce6orB3.debug.temp.o
                0x00000000000066be                binary.c.8694a903
 .debug_info    0x00000000000068a8      0x18f /tmp/ccQ1ADH2.debug.temp.o
                0x00000000000068a8                delai.c.7e98efd6
 .debug_info    0x0000000000006a37      0x6d4 /tmp/cc1Qz763.debug.temp.o
                0x0000000000006a37                libisr.c.360a73b0
 .debug_info    0x000000000000710b      0x339 /tmp/ccKu9WYZ.debug.temp.o
                0x000000000000710b                donut.c.d2d0a673
 .debug_info    0x0000000000007444       0x9b /tmp/ccqvmz83.debug.temp.o
                0x0000000000007444                helloc.c.14d9c221
 .debug_info    0x00000000000074df      0x134 /tmp/ccfWNKVZ.debug.temp.o
                0x00000000000074df                simple.c.9250d420
 .debug_info    0x0000000000007613      0x1f5 /tmp/ccKnof9Z.debug.temp.o
                0x0000000000007613                testspi.c.868fad36
 .debug_info    0x0000000000007808      0x573 /tmp/cc7J9Vj0.debug.temp.o
                0x0000000000007808                main.c.5ccd28cc
 .debug_info    0x0000000000007d7b      0x131 /tmp/ccBym5i1.debug.temp.o
                0x0000000000007d7b                iotest.c.437a9d6f
 .debug_info    0x0000000000007eac      0x76f /tmp/ccWYnS8Z.debug.temp.o
                0x0000000000007eac                test1.c.4530d2f6
 .debug_info    0x000000000000861b      0x3e8 /tmp/ccZSVYz1.debug.temp.o
                0x000000000000861b                gpio.c.750261a1
 .debug_info    0x0000000000008a03       0xc3 /tmp/ccPl1uA2.debug.temp.o
                0x0000000000008a03                delay.c.4bee834d
 .debug_info    0x0000000000008ac6      0x475 /tmp/ccfNEMj3.debug.temp.o
                0x0000000000008ac6                timer.c.848559c0
 .debug_info    0x0000000000008f3b     0x1227 /tmp/cc8YM480.debug.temp.o
                0x0000000000008f3b                sx1276.c.9d80bae1
 .debug_info    0x000000000000a162      0xf87 /tmp/ccGOpn83.debug.temp.o
                0x000000000000a162                sx1276_board.c.ae96d448
 .debug_info    0x000000000000b0e9      0x1a4 /tmp/ccGni6Z0.debug.temp.o
                0x000000000000b0e9                spi_board.c.1fa8251b
 .debug_info    0x000000000000b28d      0x31a /tmp/ccGsctf4.debug.temp.o
                0x000000000000b28d                utilities.c.915904aa
 .debug_info    0x000000000000b5a7      0x3d7 /tmp/cckdQAa1.debug.temp.o
                0x000000000000b5a7                gpio_board.c.60684e64
 .debug_info    0x000000000000b97e       0xa7 /tmp/cc1GaRe2.debug.temp.o
                0x000000000000b97e                delay_board.c.79d74d90
 .debug_info    0x000000000000ba25      0x23f /tmp/ccQbCMB0.debug.temp.o
                0x000000000000ba25                board.c.94b46937
 .debug_info    0x000000000000bc64      0x37b /tmp/ccJbQ9E0.debug.temp.o
                0x000000000000bc64                rtc_board.c.03e18fee
 .debug_info    0x000000000000bfdf      0x1f1 /tmp/ccjQUFz0.debug.temp.o
                0x000000000000bfdf                stdio.c.ca9e42ba
 .debug_info    0x000000000000c1d0       0x81 /tmp/ccL4kuf3.debug.temp.o
                0x000000000000c1d0                console.c.2fb600e5
 .debug_info    0x000000000000c251      0x15f /tmp/ccsqYZR2.debug.temp.o
                0x000000000000c251                system.c.381a47ca
 .debug_info    0x000000000000c3b0      0x263 /tmp/ccJbjDi4.debug.temp.o
                0x000000000000c3b0                uart.c.31c5f372
 .debug_info    0x000000000000c613       0x25 ./obj/crt0.o
 .debug_info    0x000000000000c638       0xe8 /home/med/Desktop/workflow/build/digilent_arty_cv32e41p/software/libc/libc.a(libc_string_strchr.c.o)
 .debug_info    0x000000000000c720      0x209 /home/med/Desktop/workflow/build/digilent_arty_cv32e41p/software/libc/libc.a(libc_tinystdio_fgetc.c.o)
 .debug_info    0x000000000000c929      0x198 /home/med/Desktop/workflow/build/digilent_arty_cv32e41p/software/libc/libc.a(libc_tinystdio_fputc.c.o)
 .debug_info    0x000000000000cac1      0x1bb /home/med/Desktop/workflow/build/digilent_arty_cv32e41p/software/libc/libc.a(libc_tinystdio_fputs.c.o)
 .debug_info    0x000000000000cc7c      0x201 /home/med/Desktop/workflow/build/digilent_arty_cv32e41p/software/libc/libc.a(libc_tinystdio_printf.c.o)
 .debug_info    0x000000000000ce7d      0x1cd /home/med/Desktop/workflow/build/digilent_arty_cv32e41p/software/libc/libc.a(libc_tinystdio_puts.c.o)
 .debug_info    0x000000000000d04a      0x8e4 /home/med/Desktop/workflow/build/digilent_arty_cv32e41p/software/libc/libc.a(libc_tinystdio_vfiprintf.c.o)
 .debug_info    0x000000000000d92e       0x24 /home/med/Desktop/workflow/build/digilent_arty_cv32e41p/software/libc/libc.a(memcpy-asm.S.o)
 .debug_info    0x000000000000d952       0x24 /home/med/Desktop/workflow/build/digilent_arty_cv32e41p/software/libc/libc.a(memset.S.o)
 .debug_info    0x000000000000d976       0x24 /home/med/Desktop/workflow/build/digilent_arty_cv32e41p/software/libc/libc.a(strcmp.S.o)
 .debug_info    0x000000000000d99a       0xd1 /home/med/Desktop/workflow/build/digilent_arty_cv32e41p/software/libc/libc.a(strlen.c.o)
 .debug_info    0x000000000000da6b       0xdd /home/med/Desktop/workflow/build/digilent_arty_cv32e41p/software/libc/libc.a(libc_string_strnlen.c.o)
 .debug_info    0x000000000000db48      0x224 /home/med/Desktop/workflow/build/digilent_arty_cv32e41p/software/libcompiler_rt/libcompiler_rt.a(udivmoddi4.o)
 .debug_info    0x000000000000dd6c       0xf8 /home/med/Desktop/workflow/build/digilent_arty_cv32e41p/software/libcompiler_rt/libcompiler_rt.a(clzsi2.o)
 .debug_info    0x000000000000de64       0xf8 /home/med/Desktop/workflow/build/digilent_arty_cv32e41p/software/libcompiler_rt/libcompiler_rt.a(ctzsi2.o)
 .debug_info    0x000000000000df5c      0x127 /home/med/Desktop/workflow/build/digilent_arty_cv32e41p/software/libcompiler_rt/libcompiler_rt.a(udivdi3.o)

.debug_abbrev   0x0000000000000000     0x34dd
 .debug_abbrev  0x0000000000000000      0x23a /tmp/ccnUWuy0.ltrans0.ltrans.o
 .debug_abbrev  0x000000000000023a      0x132 /tmp/ccYKObn3.debug.temp.o
 .debug_abbrev  0x000000000000036c       0x82 /tmp/ccR8FtU3.debug.temp.o
 .debug_abbrev  0x00000000000003ee      0x183 /tmp/cc3M8R80.debug.temp.o
 .debug_abbrev  0x0000000000000571      0x12e /tmp/cce6orB3.debug.temp.o
 .debug_abbrev  0x000000000000069f       0xf3 /tmp/ccQ1ADH2.debug.temp.o
 .debug_abbrev  0x0000000000000792      0x1f7 /tmp/cc1Qz763.debug.temp.o
 .debug_abbrev  0x0000000000000989      0x164 /tmp/ccKu9WYZ.debug.temp.o
 .debug_abbrev  0x0000000000000aed       0x6c /tmp/ccqvmz83.debug.temp.o
 .debug_abbrev  0x0000000000000b59       0xdb /tmp/ccfWNKVZ.debug.temp.o
 .debug_abbrev  0x0000000000000c34      0x14c /tmp/ccKnof9Z.debug.temp.o
 .debug_abbrev  0x0000000000000d80      0x299 /tmp/cc7J9Vj0.debug.temp.o
 .debug_abbrev  0x0000000000001019       0xeb /tmp/ccBym5i1.debug.temp.o
 .debug_abbrev  0x0000000000001104      0x256 /tmp/ccWYnS8Z.debug.temp.o
 .debug_abbrev  0x000000000000135a      0x13b /tmp/ccZSVYz1.debug.temp.o
 .debug_abbrev  0x0000000000001495       0x78 /tmp/ccPl1uA2.debug.temp.o
 .debug_abbrev  0x000000000000150d      0x204 /tmp/ccfNEMj3.debug.temp.o
 .debug_abbrev  0x0000000000001711      0x274 /tmp/cc8YM480.debug.temp.o
 .debug_abbrev  0x0000000000001985      0x32a /tmp/ccGOpn83.debug.temp.o
 .debug_abbrev  0x0000000000001caf      0x11d /tmp/ccGni6Z0.debug.temp.o
 .debug_abbrev  0x0000000000001dcc       0xff /tmp/ccGsctf4.debug.temp.o
 .debug_abbrev  0x0000000000001ecb      0x15e /tmp/cckdQAa1.debug.temp.o
 .debug_abbrev  0x0000000000002029       0x73 /tmp/cc1GaRe2.debug.temp.o
 .debug_abbrev  0x000000000000209c      0x15f /tmp/ccQbCMB0.debug.temp.o
 .debug_abbrev  0x00000000000021fb      0x1a8 /tmp/ccJbQ9E0.debug.temp.o
 .debug_abbrev  0x00000000000023a3      0x152 /tmp/ccjQUFz0.debug.temp.o
 .debug_abbrev  0x00000000000024f5       0x50 /tmp/ccL4kuf3.debug.temp.o
 .debug_abbrev  0x0000000000002545       0xc0 /tmp/ccsqYZR2.debug.temp.o
 .debug_abbrev  0x0000000000002605      0x14a /tmp/ccJbjDi4.debug.temp.o
 .debug_abbrev  0x000000000000274f       0x14 ./obj/crt0.o
 .debug_abbrev  0x0000000000002763       0x8e /home/med/Desktop/workflow/build/digilent_arty_cv32e41p/software/libc/libc.a(libc_string_strchr.c.o)
 .debug_abbrev  0x00000000000027f1      0x16c /home/med/Desktop/workflow/build/digilent_arty_cv32e41p/software/libc/libc.a(libc_tinystdio_fgetc.c.o)
 .debug_abbrev  0x000000000000295d       0xfb /home/med/Desktop/workflow/build/digilent_arty_cv32e41p/software/libc/libc.a(libc_tinystdio_fputc.c.o)
 .debug_abbrev  0x0000000000002a58      0x116 /home/med/Desktop/workflow/build/digilent_arty_cv32e41p/software/libc/libc.a(libc_tinystdio_fputs.c.o)
 .debug_abbrev  0x0000000000002b6e      0x13d /home/med/Desktop/workflow/build/digilent_arty_cv32e41p/software/libc/libc.a(libc_tinystdio_printf.c.o)
 .debug_abbrev  0x0000000000002cab      0x121 /home/med/Desktop/workflow/build/digilent_arty_cv32e41p/software/libc/libc.a(libc_tinystdio_puts.c.o)
 .debug_abbrev  0x0000000000002dcc      0x2f1 /home/med/Desktop/workflow/build/digilent_arty_cv32e41p/software/libc/libc.a(libc_tinystdio_vfiprintf.c.o)
 .debug_abbrev  0x00000000000030bd       0x14 /home/med/Desktop/workflow/build/digilent_arty_cv32e41p/software/libc/libc.a(memcpy-asm.S.o)
 .debug_abbrev  0x00000000000030d1       0x14 /home/med/Desktop/workflow/build/digilent_arty_cv32e41p/software/libc/libc.a(memset.S.o)
 .debug_abbrev  0x00000000000030e5       0x14 /home/med/Desktop/workflow/build/digilent_arty_cv32e41p/software/libc/libc.a(strcmp.S.o)
 .debug_abbrev  0x00000000000030f9       0x8a /home/med/Desktop/workflow/build/digilent_arty_cv32e41p/software/libc/libc.a(strlen.c.o)
 .debug_abbrev  0x0000000000003183       0x8b /home/med/Desktop/workflow/build/digilent_arty_cv32e41p/software/libc/libc.a(libc_string_strnlen.c.o)
 .debug_abbrev  0x000000000000320e      0x132 /home/med/Desktop/workflow/build/digilent_arty_cv32e41p/software/libcompiler_rt/libcompiler_rt.a(udivmoddi4.o)
 .debug_abbrev  0x0000000000003340       0x7c /home/med/Desktop/workflow/build/digilent_arty_cv32e41p/software/libcompiler_rt/libcompiler_rt.a(clzsi2.o)
 .debug_abbrev  0x00000000000033bc       0x7c /home/med/Desktop/workflow/build/digilent_arty_cv32e41p/software/libcompiler_rt/libcompiler_rt.a(ctzsi2.o)
 .debug_abbrev  0x0000000000003438       0xa5 /home/med/Desktop/workflow/build/digilent_arty_cv32e41p/software/libcompiler_rt/libcompiler_rt.a(udivdi3.o)

.debug_loclists
                0x0000000000000000     0x5702
 .debug_loclists
                0x0000000000000000     0x3c64 /tmp/ccnUWuy0.ltrans0.ltrans.o
 .debug_loclists
                0x0000000000003c64       0x4c /home/med/Desktop/workflow/build/digilent_arty_cv32e41p/software/libc/libc.a(libc_string_strchr.c.o)
 .debug_loclists
                0x0000000000003cb0       0x83 /home/med/Desktop/workflow/build/digilent_arty_cv32e41p/software/libc/libc.a(libc_tinystdio_fgetc.c.o)
 .debug_loclists
                0x0000000000003d33       0x6f /home/med/Desktop/workflow/build/digilent_arty_cv32e41p/software/libc/libc.a(libc_tinystdio_fputc.c.o)
 .debug_loclists
                0x0000000000003da2       0x98 /home/med/Desktop/workflow/build/digilent_arty_cv32e41p/software/libc/libc.a(libc_tinystdio_fputs.c.o)
 .debug_loclists
                0x0000000000003e3a       0x31 /home/med/Desktop/workflow/build/digilent_arty_cv32e41p/software/libc/libc.a(libc_tinystdio_printf.c.o)
 .debug_loclists
                0x0000000000003e6b       0x69 /home/med/Desktop/workflow/build/digilent_arty_cv32e41p/software/libc/libc.a(libc_tinystdio_puts.c.o)
 .debug_loclists
                0x0000000000003ed4      0xead /home/med/Desktop/workflow/build/digilent_arty_cv32e41p/software/libc/libc.a(libc_tinystdio_vfiprintf.c.o)
 .debug_loclists
                0x0000000000004d81       0x3d /home/med/Desktop/workflow/build/digilent_arty_cv32e41p/software/libc/libc.a(strlen.c.o)
 .debug_loclists
                0x0000000000004dbe       0xb6 /home/med/Desktop/workflow/build/digilent_arty_cv32e41p/software/libc/libc.a(libc_string_strnlen.c.o)
 .debug_loclists
                0x0000000000004e74      0x340 /home/med/Desktop/workflow/build/digilent_arty_cv32e41p/software/libcompiler_rt/libcompiler_rt.a(udivmoddi4.o)
 .debug_loclists
                0x00000000000051b4      0x226 /home/med/Desktop/workflow/build/digilent_arty_cv32e41p/software/libcompiler_rt/libcompiler_rt.a(clzsi2.o)
 .debug_loclists
                0x00000000000053da      0x2da /home/med/Desktop/workflow/build/digilent_arty_cv32e41p/software/libcompiler_rt/libcompiler_rt.a(ctzsi2.o)
 .debug_loclists
                0x00000000000056b4       0x4e /home/med/Desktop/workflow/build/digilent_arty_cv32e41p/software/libcompiler_rt/libcompiler_rt.a(udivdi3.o)

.debug_aranges  0x0000000000000000      0x250
 .debug_aranges
                0x0000000000000000       0x28 /tmp/ccnUWuy0.ltrans0.ltrans.o
 .debug_aranges
                0x0000000000000028       0x20 ./obj/crt0.o
 .debug_aranges
                0x0000000000000048       0x20 /home/med/Desktop/workflow/build/digilent_arty_cv32e41p/software/libc/libc.a(libc_string_strchr.c.o)
 .debug_aranges
                0x0000000000000068       0x20 /home/med/Desktop/workflow/build/digilent_arty_cv32e41p/software/libc/libc.a(libc_tinystdio_fgetc.c.o)
 .debug_aranges
                0x0000000000000088       0x20 /home/med/Desktop/workflow/build/digilent_arty_cv32e41p/software/libc/libc.a(libc_tinystdio_fputc.c.o)
 .debug_aranges
                0x00000000000000a8       0x20 /home/med/Desktop/workflow/build/digilent_arty_cv32e41p/software/libc/libc.a(libc_tinystdio_fputs.c.o)
 .debug_aranges
                0x00000000000000c8       0x20 /home/med/Desktop/workflow/build/digilent_arty_cv32e41p/software/libc/libc.a(libc_tinystdio_printf.c.o)
 .debug_aranges
                0x00000000000000e8       0x20 /home/med/Desktop/workflow/build/digilent_arty_cv32e41p/software/libc/libc.a(libc_tinystdio_puts.c.o)
 .debug_aranges
                0x0000000000000108       0x28 /home/med/Desktop/workflow/build/digilent_arty_cv32e41p/software/libc/libc.a(libc_tinystdio_vfiprintf.c.o)
 .debug_aranges
                0x0000000000000130       0x20 /home/med/Desktop/workflow/build/digilent_arty_cv32e41p/software/libc/libc.a(memcpy-asm.S.o)
 .debug_aranges
                0x0000000000000150       0x20 /home/med/Desktop/workflow/build/digilent_arty_cv32e41p/software/libc/libc.a(memset.S.o)
 .debug_aranges
                0x0000000000000170       0x20 /home/med/Desktop/workflow/build/digilent_arty_cv32e41p/software/libc/libc.a(strcmp.S.o)
 .debug_aranges
                0x0000000000000190       0x20 /home/med/Desktop/workflow/build/digilent_arty_cv32e41p/software/libc/libc.a(strlen.c.o)
 .debug_aranges
                0x00000000000001b0       0x20 /home/med/Desktop/workflow/build/digilent_arty_cv32e41p/software/libc/libc.a(libc_string_strnlen.c.o)
 .debug_aranges
                0x00000000000001d0       0x20 /home/med/Desktop/workflow/build/digilent_arty_cv32e41p/software/libcompiler_rt/libcompiler_rt.a(udivmoddi4.o)
 .debug_aranges
                0x00000000000001f0       0x20 /home/med/Desktop/workflow/build/digilent_arty_cv32e41p/software/libcompiler_rt/libcompiler_rt.a(clzsi2.o)
 .debug_aranges
                0x0000000000000210       0x20 /home/med/Desktop/workflow/build/digilent_arty_cv32e41p/software/libcompiler_rt/libcompiler_rt.a(ctzsi2.o)
 .debug_aranges
                0x0000000000000230       0x20 /home/med/Desktop/workflow/build/digilent_arty_cv32e41p/software/libcompiler_rt/libcompiler_rt.a(udivdi3.o)

.debug_rnglists
                0x0000000000000000      0xe33
 .debug_rnglists
                0x0000000000000000      0xa46 /tmp/ccnUWuy0.ltrans0.ltrans.o
 .debug_rnglists
                0x0000000000000a46       0x16 /home/med/Desktop/workflow/build/digilent_arty_cv32e41p/software/libc/libc.a(libc_string_strchr.c.o)
 .debug_rnglists
                0x0000000000000a5c       0x32 /home/med/Desktop/workflow/build/digilent_arty_cv32e41p/software/libc/libc.a(libc_tinystdio_fgetc.c.o)
 .debug_rnglists
                0x0000000000000a8e       0x16 /home/med/Desktop/workflow/build/digilent_arty_cv32e41p/software/libc/libc.a(libc_tinystdio_fputc.c.o)
 .debug_rnglists
                0x0000000000000aa4       0x16 /home/med/Desktop/workflow/build/digilent_arty_cv32e41p/software/libc/libc.a(libc_tinystdio_fputs.c.o)
 .debug_rnglists
                0x0000000000000aba       0x16 /home/med/Desktop/workflow/build/digilent_arty_cv32e41p/software/libc/libc.a(libc_tinystdio_printf.c.o)
 .debug_rnglists
                0x0000000000000ad0       0x16 /home/med/Desktop/workflow/build/digilent_arty_cv32e41p/software/libc/libc.a(libc_tinystdio_puts.c.o)
 .debug_rnglists
                0x0000000000000ae6      0x302 /home/med/Desktop/workflow/build/digilent_arty_cv32e41p/software/libc/libc.a(libc_tinystdio_vfiprintf.c.o)
 .debug_rnglists
                0x0000000000000de8       0x16 /home/med/Desktop/workflow/build/digilent_arty_cv32e41p/software/libc/libc.a(strlen.c.o)
 .debug_rnglists
                0x0000000000000dfe       0x16 /home/med/Desktop/workflow/build/digilent_arty_cv32e41p/software/libc/libc.a(libc_string_strnlen.c.o)
 .debug_rnglists
                0x0000000000000e14       0x1f /home/med/Desktop/workflow/build/digilent_arty_cv32e41p/software/libcompiler_rt/libcompiler_rt.a(udivmoddi4.o)

.debug_line     0x0000000000000000     0xaf69
 .debug_line    0x0000000000000000     0x67d9 /tmp/ccnUWuy0.ltrans0.ltrans.o
 .debug_line    0x00000000000067d9       0xa5 /tmp/ccYKObn3.debug.temp.o
 .debug_line    0x000000000000687e      0x13d /tmp/ccR8FtU3.debug.temp.o
 .debug_line    0x00000000000069bb       0xe2 /tmp/cc3M8R80.debug.temp.o
 .debug_line    0x0000000000006a9d       0xc5 /tmp/cce6orB3.debug.temp.o
 .debug_line    0x0000000000006b62       0x92 /tmp/ccQ1ADH2.debug.temp.o
 .debug_line    0x0000000000006bf4      0x134 /tmp/cc1Qz763.debug.temp.o
 .debug_line    0x0000000000006d28       0xd4 /tmp/ccKu9WYZ.debug.temp.o
 .debug_line    0x0000000000006dfc       0xa8 /tmp/ccqvmz83.debug.temp.o
 .debug_line    0x0000000000006ea4      0x10c /tmp/ccfWNKVZ.debug.temp.o
 .debug_line    0x0000000000006fb0      0x124 /tmp/ccKnof9Z.debug.temp.o
 .debug_line    0x00000000000070d4      0x18e /tmp/cc7J9Vj0.debug.temp.o
 .debug_line    0x0000000000007262      0x147 /tmp/ccBym5i1.debug.temp.o
 .debug_line    0x00000000000073a9      0x157 /tmp/ccWYnS8Z.debug.temp.o
 .debug_line    0x0000000000007500       0x7f /tmp/ccZSVYz1.debug.temp.o
 .debug_line    0x000000000000757f       0x76 /tmp/ccPl1uA2.debug.temp.o
 .debug_line    0x00000000000075f5       0x93 /tmp/ccfNEMj3.debug.temp.o
 .debug_line    0x0000000000007688      0x145 /tmp/cc8YM480.debug.temp.o
 .debug_line    0x00000000000077cd      0x142 /tmp/ccGOpn83.debug.temp.o
 .debug_line    0x000000000000790f       0xce /tmp/ccGni6Z0.debug.temp.o
 .debug_line    0x00000000000079dd       0xd4 /tmp/ccGsctf4.debug.temp.o
 .debug_line    0x0000000000007ab1      0x11a /tmp/cckdQAa1.debug.temp.o
 .debug_line    0x0000000000007bcb       0x76 /tmp/cc1GaRe2.debug.temp.o
 .debug_line    0x0000000000007c41      0x107 /tmp/ccQbCMB0.debug.temp.o
 .debug_line    0x0000000000007d48      0x104 /tmp/ccJbQ9E0.debug.temp.o
 .debug_line    0x0000000000007e4c       0xdf /tmp/ccjQUFz0.debug.temp.o
 .debug_line    0x0000000000007f2b       0x97 /tmp/ccL4kuf3.debug.temp.o
 .debug_line    0x0000000000007fc2       0x97 /tmp/ccsqYZR2.debug.temp.o
 .debug_line    0x0000000000008059       0x97 /tmp/ccJbjDi4.debug.temp.o
 .debug_line    0x00000000000080f0      0x28e ./obj/crt0.o
 .debug_line    0x000000000000837e      0x127 /home/med/Desktop/workflow/build/digilent_arty_cv32e41p/software/libc/libc.a(libc_string_strchr.c.o)
 .debug_line    0x00000000000084a5      0x1ca /home/med/Desktop/workflow/build/digilent_arty_cv32e41p/software/libc/libc.a(libc_tinystdio_fgetc.c.o)
 .debug_line    0x000000000000866f      0x118 /home/med/Desktop/workflow/build/digilent_arty_cv32e41p/software/libc/libc.a(libc_tinystdio_fputc.c.o)
 .debug_line    0x0000000000008787      0x149 /home/med/Desktop/workflow/build/digilent_arty_cv32e41p/software/libc/libc.a(libc_tinystdio_fputs.c.o)
 .debug_line    0x00000000000088d0      0x134 /home/med/Desktop/workflow/build/digilent_arty_cv32e41p/software/libc/libc.a(libc_tinystdio_printf.c.o)
 .debug_line    0x0000000000008a04      0x17b /home/med/Desktop/workflow/build/digilent_arty_cv32e41p/software/libc/libc.a(libc_tinystdio_puts.c.o)
 .debug_line    0x0000000000008b7f     0x1463 /home/med/Desktop/workflow/build/digilent_arty_cv32e41p/software/libc/libc.a(libc_tinystdio_vfiprintf.c.o)
 .debug_line    0x0000000000009fe2       0x7a /home/med/Desktop/workflow/build/digilent_arty_cv32e41p/software/libc/libc.a(memcpy-asm.S.o)
 .debug_line    0x000000000000a05c       0x6e /home/med/Desktop/workflow/build/digilent_arty_cv32e41p/software/libc/libc.a(memset.S.o)
 .debug_line    0x000000000000a0ca       0x74 /home/med/Desktop/workflow/build/digilent_arty_cv32e41p/software/libc/libc.a(strcmp.S.o)
 .debug_line    0x000000000000a13e      0x102 /home/med/Desktop/workflow/build/digilent_arty_cv32e41p/software/libc/libc.a(strlen.c.o)
 .debug_line    0x000000000000a240      0x107 /home/med/Desktop/workflow/build/digilent_arty_cv32e41p/software/libc/libc.a(libc_string_strnlen.c.o)
 .debug_line    0x000000000000a347      0x7b9 /home/med/Desktop/workflow/build/digilent_arty_cv32e41p/software/libcompiler_rt/libcompiler_rt.a(udivmoddi4.o)
 .debug_line    0x000000000000ab00      0x1d3 /home/med/Desktop/workflow/build/digilent_arty_cv32e41p/software/libcompiler_rt/libcompiler_rt.a(clzsi2.o)
 .debug_line    0x000000000000acd3      0x1c7 /home/med/Desktop/workflow/build/digilent_arty_cv32e41p/software/libcompiler_rt/libcompiler_rt.a(ctzsi2.o)
 .debug_line    0x000000000000ae9a       0xcf /home/med/Desktop/workflow/build/digilent_arty_cv32e41p/software/libcompiler_rt/libcompiler_rt.a(udivdi3.o)

.debug_str      0x0000000000000000    0x1a3a8
 .debug_str     0x0000000000000000       0xd5 /tmp/ccnUWuy0.ltrans0.ltrans.o
                                         0xf9 (size before relaxing)
 .debug_str     0x00000000000000d5     0x34cf /tmp/ccYKObn3.debug.temp.o
                                       0x7b0e (size before relaxing)
 .debug_str     0x00000000000035a4     0x77df /tmp/ccR8FtU3.debug.temp.o
                                      0x111ef (size before relaxing)
 .debug_str     0x000000000000ad83      0x17b /tmp/cc3M8R80.debug.temp.o
                                       0x806c (size before relaxing)
 .debug_str     0x000000000000aefe       0x63 /tmp/cce6orB3.debug.temp.o
                                       0x7f65 (size before relaxing)
 .debug_str     0x000000000000af61       0xaa /tmp/ccQ1ADH2.debug.temp.o
                                       0x78f5 (size before relaxing)
 .debug_str     0x000000000000b00b      0x497 /tmp/cc1Qz763.debug.temp.o
                                      0x1175f (size before relaxing)
 .debug_str     0x000000000000b4a2       0x7c /tmp/ccKu9WYZ.debug.temp.o
                                       0x804d (size before relaxing)
 .debug_str     0x000000000000b51e        0x7 /tmp/ccqvmz83.debug.temp.o
                                       0x681d (size before relaxing)
 .debug_str     0x000000000000b525       0x22 /tmp/ccfWNKVZ.debug.temp.o
                                       0xd122 (size before relaxing)
 .debug_str     0x000000000000b547       0x5a /tmp/ccKnof9Z.debug.temp.o
                                       0xd2d9 (size before relaxing)
 .debug_str     0x000000000000b5a1      0x3de /tmp/cc7J9Vj0.debug.temp.o
                                      0x12e77 (size before relaxing)
 .debug_str     0x000000000000b97f    0x1122c /tmp/ccBym5i1.debug.temp.o
 .debug_str     0x000000000000b97f      0x3c3 /tmp/ccWYnS8Z.debug.temp.o
                                      0x12edf (size before relaxing)
 .debug_str     0x000000000000bd42      0x1bc /tmp/ccZSVYz1.debug.temp.o
                                       0x4a0c (size before relaxing)
 .debug_str     0x000000000000befe       0x24 /tmp/ccPl1uA2.debug.temp.o
                                       0x46d4 (size before relaxing)
 .debug_str     0x000000000000bf22      0x3c2 /tmp/ccfNEMj3.debug.temp.o
                                       0x4f1e (size before relaxing)
 .debug_str     0x000000000000c2e4      0x8de /tmp/cc8YM480.debug.temp.o
                                      0x12a95 (size before relaxing)
 .debug_str     0x000000000000cbc2       0xdf /tmp/ccGOpn83.debug.temp.o
                                      0x11da0 (size before relaxing)
 .debug_str     0x000000000000cca1       0x21 /tmp/ccGni6Z0.debug.temp.o
                                       0x7a58 (size before relaxing)
 .debug_str     0x000000000000ccc2       0x95 /tmp/ccGsctf4.debug.temp.o
                                       0x8138 (size before relaxing)
 .debug_str     0x000000000000cd57        0x8 /tmp/cckdQAa1.debug.temp.o
                                       0xf756 (size before relaxing)
 .debug_str     0x000000000000cd5f     0x46c5 /tmp/cc1GaRe2.debug.temp.o
 .debug_str     0x000000000000cd5f       0xe8 /tmp/ccQbCMB0.debug.temp.o
                                       0xe5e1 (size before relaxing)
 .debug_str     0x000000000000ce47      0xdfe /tmp/ccJbQ9E0.debug.temp.o
                                       0x79a4 (size before relaxing)
 .debug_str     0x000000000000dc45     0x1691 /tmp/ccjQUFz0.debug.temp.o
                                       0x9661 (size before relaxing)
 .debug_str     0x000000000000f2d6     0x789e /tmp/ccL4kuf3.debug.temp.o
 .debug_str     0x000000000000f2d6      0x141 /tmp/ccsqYZR2.debug.temp.o
                                       0x7a01 (size before relaxing)
 .debug_str     0x000000000000f417      0x1a3 /tmp/ccJbjDi4.debug.temp.o
                                       0x7a77 (size before relaxing)
 .debug_str     0x000000000000f5ba       0x9c ./obj/crt0.o
 .debug_str     0x000000000000f656     0x5ee4 /home/med/Desktop/workflow/build/digilent_arty_cv32e41p/software/libc/libc.a(libc_string_strchr.c.o)
                                       0x610d (size before relaxing)
 .debug_str     0x000000000001553a     0x28ad /home/med/Desktop/workflow/build/digilent_arty_cv32e41p/software/libc/libc.a(libc_tinystdio_fgetc.c.o)
                                       0x8602 (size before relaxing)
 .debug_str     0x0000000000017de7        0x6 /home/med/Desktop/workflow/build/digilent_arty_cv32e41p/software/libc/libc.a(libc_tinystdio_fputc.c.o)
                                       0x85e5 (size before relaxing)
 .debug_str     0x0000000000017ded        0x6 /home/med/Desktop/workflow/build/digilent_arty_cv32e41p/software/libc/libc.a(libc_tinystdio_fputs.c.o)
                                       0x704f (size before relaxing)
 .debug_str     0x0000000000017df3       0x31 /home/med/Desktop/workflow/build/digilent_arty_cv32e41p/software/libc/libc.a(libc_tinystdio_printf.c.o)
                                       0x6a68 (size before relaxing)
 .debug_str     0x0000000000017e24       0x31 /home/med/Desktop/workflow/build/digilent_arty_cv32e41p/software/libc/libc.a(libc_tinystdio_puts.c.o)
                                       0x704e (size before relaxing)
 .debug_str     0x0000000000017e24     0x1e3e /home/med/Desktop/workflow/build/digilent_arty_cv32e41p/software/libc/libc.a(libc_tinystdio_vfiprintf.c.o)
                                       0xa476 (size before relaxing)
 .debug_str     0x0000000000019c62       0xb8 /home/med/Desktop/workflow/build/digilent_arty_cv32e41p/software/libc/libc.a(memcpy-asm.S.o)
                                         0xc7 (size before relaxing)
 .debug_str     0x0000000000019d1a       0x6e /home/med/Desktop/workflow/build/digilent_arty_cv32e41p/software/libc/libc.a(memset.S.o)
                                         0xc3 (size before relaxing)
 .debug_str     0x0000000000019d88       0x6e /home/med/Desktop/workflow/build/digilent_arty_cv32e41p/software/libc/libc.a(strcmp.S.o)
                                         0xc3 (size before relaxing)
 .debug_str     0x0000000000019df6       0xdb /home/med/Desktop/workflow/build/digilent_arty_cv32e41p/software/libc/libc.a(strlen.c.o)
                                       0x6787 (size before relaxing)
 .debug_str     0x0000000000019ed1       0x32 /home/med/Desktop/workflow/build/digilent_arty_cv32e41p/software/libc/libc.a(libc_string_strnlen.c.o)
                                       0x5df1 (size before relaxing)
 .debug_str     0x0000000000019f03      0x49e /home/med/Desktop/workflow/build/digilent_arty_cv32e41p/software/libcompiler_rt/libcompiler_rt.a(udivmoddi4.o)
                                       0x6bbf (size before relaxing)
 .debug_str     0x000000000001a3a1        0x7 /home/med/Desktop/workflow/build/digilent_arty_cv32e41p/software/libcompiler_rt/libcompiler_rt.a(clzsi2.o)
                                       0x6b74 (size before relaxing)
 .debug_str     0x000000000001a3a8     0x6b74 /home/med/Desktop/workflow/build/digilent_arty_cv32e41p/software/libcompiler_rt/libcompiler_rt.a(ctzsi2.o)
 .debug_str     0x000000000001a3a8     0x6b7b /home/med/Desktop/workflow/build/digilent_arty_cv32e41p/software/libcompiler_rt/libcompiler_rt.a(udivdi3.o)

.debug_line_str
                0x0000000000000000     0x15ef
 .debug_line_str
                0x0000000000000000      0x165 /tmp/ccnUWuy0.ltrans0.ltrans.o
                                        0x321 (size before relaxing)
 .debug_line_str
                0x0000000000000165      0x1e2 /tmp/ccYKObn3.debug.temp.o
                                        0x3a2 (size before relaxing)
 .debug_line_str
                0x0000000000000347       0xe6 /tmp/ccR8FtU3.debug.temp.o
                                        0x5b2 (size before relaxing)
 .debug_line_str
                0x000000000000042d       0x23 /tmp/cc3M8R80.debug.temp.o
                                        0x3e0 (size before relaxing)
 .debug_line_str
                0x0000000000000450       0x18 /tmp/cce6orB3.debug.temp.o
                                        0x37d (size before relaxing)
 .debug_line_str
                0x0000000000000468       0x16 /tmp/ccQ1ADH2.debug.temp.o
                                        0x350 (size before relaxing)
 .debug_line_str
                0x000000000000047e        0xf /tmp/cc1Qz763.debug.temp.o
                                        0x578 (size before relaxing)
 .debug_line_str
                0x000000000000048d      0x3b7 /tmp/ccKu9WYZ.debug.temp.o
 .debug_line_str
                0x000000000000048d      0x345 /tmp/ccqvmz83.debug.temp.o
 .debug_line_str
                0x000000000000048d      0x4af /tmp/ccfWNKVZ.debug.temp.o
 .debug_line_str
                0x000000000000048d      0x507 /tmp/ccKnof9Z.debug.temp.o
 .debug_line_str
                0x000000000000048d       0x24 /tmp/cc7J9Vj0.debug.temp.o
                                        0x627 (size before relaxing)
 .debug_line_str
                0x00000000000004b1      0x5bd /tmp/ccBym5i1.debug.temp.o
 .debug_line_str
                0x00000000000004b1       0x1c /tmp/ccWYnS8Z.debug.temp.o
                                        0x567 (size before relaxing)
 .debug_line_str
                0x00000000000004cd       0x20 /tmp/ccZSVYz1.debug.temp.o
                                        0x29f (size before relaxing)
 .debug_line_str
                0x00000000000004ed       0x22 /tmp/ccPl1uA2.debug.temp.o
                                        0x27d (size before relaxing)
 .debug_line_str
                0x000000000000050f       0x20 /tmp/ccfNEMj3.debug.temp.o
                                        0x2d8 (size before relaxing)
 .debug_line_str
                0x000000000000052f       0x7d /tmp/cc8YM480.debug.temp.o
                                        0x50f (size before relaxing)
 .debug_line_str
                0x00000000000005ac       0xe6 /tmp/ccGOpn83.debug.temp.o
                                        0x581 (size before relaxing)
 .debug_line_str
                0x0000000000000692       0x24 /tmp/ccGni6Z0.debug.temp.o
                                        0x435 (size before relaxing)
 .debug_line_str
                0x00000000000006b6       0x18 /tmp/ccGsctf4.debug.temp.o
                                        0x3a5 (size before relaxing)
 .debug_line_str
                0x00000000000006ce       0xab /tmp/cckdQAa1.debug.temp.o
                                        0x576 (size before relaxing)
 .debug_line_str
                0x0000000000000779       0x1a /tmp/cc1GaRe2.debug.temp.o
                                        0x295 (size before relaxing)
 .debug_line_str
                0x0000000000000793       0x14 /tmp/ccQbCMB0.debug.temp.o
                                        0x463 (size before relaxing)
 .debug_line_str
                0x00000000000007a7       0x38 /tmp/ccJbQ9E0.debug.temp.o
                                        0x3c5 (size before relaxing)
 .debug_line_str
                0x00000000000007df       0x41 /tmp/ccjQUFz0.debug.temp.o
                                        0x502 (size before relaxing)
 .debug_line_str
                0x0000000000000820       0x8f /tmp/ccL4kuf3.debug.temp.o
                                        0x3ca (size before relaxing)
 .debug_line_str
                0x00000000000008af       0x4b /tmp/ccsqYZR2.debug.temp.o
                                        0x3c3 (size before relaxing)
 .debug_line_str
                0x00000000000008fa       0x43 /tmp/ccJbjDi4.debug.temp.o
                                        0x3c0 (size before relaxing)
 .debug_line_str
                0x000000000000093d       0x8d ./obj/crt0.o
                                         0x94 (size before relaxing)
 .debug_line_str
                0x00000000000009ca      0x37e /home/med/Desktop/workflow/build/digilent_arty_cv32e41p/software/libc/libc.a(libc_string_strchr.c.o)
                                        0x3fa (size before relaxing)
 .debug_line_str
                0x0000000000000d48      0x11b /home/med/Desktop/workflow/build/digilent_arty_cv32e41p/software/libc/libc.a(libc_tinystdio_fgetc.c.o)
                                        0x394 (size before relaxing)
 .debug_line_str
                0x0000000000000e63       0x69 /home/med/Desktop/workflow/build/digilent_arty_cv32e41p/software/libc/libc.a(libc_tinystdio_fputc.c.o)
                                        0x394 (size before relaxing)
 .debug_line_str
                0x0000000000000ecc       0x69 /home/med/Desktop/workflow/build/digilent_arty_cv32e41p/software/libc/libc.a(libc_tinystdio_fputs.c.o)
                                        0x38c (size before relaxing)
 .debug_line_str
                0x0000000000000f35       0x6a /home/med/Desktop/workflow/build/digilent_arty_cv32e41p/software/libc/libc.a(libc_tinystdio_printf.c.o)
                                        0x36e (size before relaxing)
 .debug_line_str
                0x0000000000000f9f       0x68 /home/med/Desktop/workflow/build/digilent_arty_cv32e41p/software/libc/libc.a(libc_tinystdio_puts.c.o)
                                        0x389 (size before relaxing)
 .debug_line_str
                0x0000000000001007      0x1c2 /home/med/Desktop/workflow/build/digilent_arty_cv32e41p/software/libc/libc.a(libc_tinystdio_vfiprintf.c.o)
                                        0x598 (size before relaxing)
 .debug_line_str
                0x00000000000011c9       0x72 /home/med/Desktop/workflow/build/digilent_arty_cv32e41p/software/libc/libc.a(memcpy-asm.S.o)
                                         0xc5 (size before relaxing)
 .debug_line_str
                0x000000000000123b        0x9 /home/med/Desktop/workflow/build/digilent_arty_cv32e41p/software/libc/libc.a(memset.S.o)
                                         0xbd (size before relaxing)
 .debug_line_str
                0x0000000000001244        0x9 /home/med/Desktop/workflow/build/digilent_arty_cv32e41p/software/libc/libc.a(strcmp.S.o)
                                         0xbd (size before relaxing)
 .debug_line_str
                0x000000000000124d       0x6e /home/med/Desktop/workflow/build/digilent_arty_cv32e41p/software/libc/libc.a(strlen.c.o)
                                        0x3cb (size before relaxing)
 .debug_line_str
                0x00000000000012bb       0x68 /home/med/Desktop/workflow/build/digilent_arty_cv32e41p/software/libc/libc.a(libc_string_strnlen.c.o)
                                        0x3c9 (size before relaxing)
 .debug_line_str
                0x0000000000001323      0x169 /home/med/Desktop/workflow/build/digilent_arty_cv32e41p/software/libcompiler_rt/libcompiler_rt.a(udivmoddi4.o)
                                        0x47a (size before relaxing)
 .debug_line_str
                0x000000000000148c       0x76 /home/med/Desktop/workflow/build/digilent_arty_cv32e41p/software/libcompiler_rt/libcompiler_rt.a(clzsi2.o)
                                        0x46e (size before relaxing)
 .debug_line_str
                0x0000000000001502       0x76 /home/med/Desktop/workflow/build/digilent_arty_cv32e41p/software/libcompiler_rt/libcompiler_rt.a(ctzsi2.o)
                                        0x46e (size before relaxing)
 .debug_line_str
                0x0000000000001578       0x77 /home/med/Desktop/workflow/build/digilent_arty_cv32e41p/software/libcompiler_rt/libcompiler_rt.a(udivdi3.o)
                                        0x471 (size before relaxing)

.comment        0x0000000000000000       0x51
 .comment       0x0000000000000000       0x52 /tmp/ccnUWuy0.ltrans0.ltrans.o
 .comment       0x0000000000000000       0x51 /home/med/Desktop/workflow/build/digilent_arty_cv32e41p/software/libc/libc.a(libc_string_strchr.c.o)
                                         0x52 (size before relaxing)
 .comment       0x0000000000000051       0x52 /home/med/Desktop/workflow/build/digilent_arty_cv32e41p/software/libc/libc.a(libc_tinystdio_fgetc.c.o)
 .comment       0x0000000000000051       0x52 /home/med/Desktop/workflow/build/digilent_arty_cv32e41p/software/libc/libc.a(libc_tinystdio_fputc.c.o)
 .comment       0x0000000000000051       0x52 /home/med/Desktop/workflow/build/digilent_arty_cv32e41p/software/libc/libc.a(libc_tinystdio_fputs.c.o)
 .comment       0x0000000000000051       0x52 /home/med/Desktop/workflow/build/digilent_arty_cv32e41p/software/libc/libc.a(libc_tinystdio_printf.c.o)
 .comment       0x0000000000000051       0x52 /home/med/Desktop/workflow/build/digilent_arty_cv32e41p/software/libc/libc.a(libc_tinystdio_puts.c.o)
 .comment       0x0000000000000051       0x52 /home/med/Desktop/workflow/build/digilent_arty_cv32e41p/software/libc/libc.a(libc_tinystdio_vfiprintf.c.o)
 .comment       0x0000000000000051       0x52 /home/med/Desktop/workflow/build/digilent_arty_cv32e41p/software/libc/libc.a(strlen.c.o)
 .comment       0x0000000000000051       0x52 /home/med/Desktop/workflow/build/digilent_arty_cv32e41p/software/libc/libc.a(libc_string_strnlen.c.o)
 .comment       0x0000000000000051       0x52 /home/med/Desktop/workflow/build/digilent_arty_cv32e41p/software/libcompiler_rt/libcompiler_rt.a(udivmoddi4.o)
 .comment       0x0000000000000051       0x52 /home/med/Desktop/workflow/build/digilent_arty_cv32e41p/software/libcompiler_rt/libcompiler_rt.a(clzsi2.o)
 .comment       0x0000000000000051       0x52 /home/med/Desktop/workflow/build/digilent_arty_cv32e41p/software/libcompiler_rt/libcompiler_rt.a(ctzsi2.o)
 .comment       0x0000000000000051       0x52 /home/med/Desktop/workflow/build/digilent_arty_cv32e41p/software/libcompiler_rt/libcompiler_rt.a(udivdi3.o)

.riscv.attributes
                0x0000000000000000       0x2a
 .riscv.attributes
                0x0000000000000000       0x2a /tmp/ccnUWuy0.ltrans0.ltrans.o
 .riscv.attributes
                0x000000000000002a       0x28 ./obj/crt0.o
 .riscv.attributes
                0x0000000000000052       0x26 /home/med/Desktop/workflow/build/digilent_arty_cv32e41p/software/libc/libc.a(libc_string_strchr.c.o)
 .riscv.attributes
                0x0000000000000078       0x26 /home/med/Desktop/workflow/build/digilent_arty_cv32e41p/software/libc/libc.a(libc_tinystdio_fgetc.c.o)
 .riscv.attributes
                0x000000000000009e       0x26 /home/med/Desktop/workflow/build/digilent_arty_cv32e41p/software/libc/libc.a(libc_tinystdio_fputc.c.o)
 .riscv.attributes
                0x00000000000000c4       0x26 /home/med/Desktop/workflow/build/digilent_arty_cv32e41p/software/libc/libc.a(libc_tinystdio_fputs.c.o)
 .riscv.attributes
                0x00000000000000ea       0x26 /home/med/Desktop/workflow/build/digilent_arty_cv32e41p/software/libc/libc.a(libc_tinystdio_printf.c.o)
 .riscv.attributes
                0x0000000000000110       0x26 /home/med/Desktop/workflow/build/digilent_arty_cv32e41p/software/libc/libc.a(libc_tinystdio_puts.c.o)
 .riscv.attributes
                0x0000000000000136       0x26 /home/med/Desktop/workflow/build/digilent_arty_cv32e41p/software/libc/libc.a(libc_tinystdio_vfiprintf.c.o)
 .riscv.attributes
                0x000000000000015c       0x24 /home/med/Desktop/workflow/build/digilent_arty_cv32e41p/software/libc/libc.a(memcpy-asm.S.o)
 .riscv.attributes
                0x0000000000000180       0x24 /home/med/Desktop/workflow/build/digilent_arty_cv32e41p/software/libc/libc.a(memset.S.o)
 .riscv.attributes
                0x00000000000001a4       0x24 /home/med/Desktop/workflow/build/digilent_arty_cv32e41p/software/libc/libc.a(strcmp.S.o)
 .riscv.attributes
                0x00000000000001c8       0x26 /home/med/Desktop/workflow/build/digilent_arty_cv32e41p/software/libc/libc.a(strlen.c.o)
 .riscv.attributes
                0x00000000000001ee       0x26 /home/med/Desktop/workflow/build/digilent_arty_cv32e41p/software/libc/libc.a(libc_string_strnlen.c.o)
 .riscv.attributes
                0x0000000000000214       0x26 /home/med/Desktop/workflow/build/digilent_arty_cv32e41p/software/libcompiler_rt/libcompiler_rt.a(udivmoddi4.o)
 .riscv.attributes
                0x000000000000023a       0x26 /home/med/Desktop/workflow/build/digilent_arty_cv32e41p/software/libcompiler_rt/libcompiler_rt.a(clzsi2.o)
 .riscv.attributes
                0x0000000000000260       0x26 /home/med/Desktop/workflow/build/digilent_arty_cv32e41p/software/libcompiler_rt/libcompiler_rt.a(ctzsi2.o)
 .riscv.attributes
                0x0000000000000286       0x26 /home/med/Desktop/workflow/build/digilent_arty_cv32e41p/software/libcompiler_rt/libcompiler_rt.a(udivdi3.o)

.debug_macro    0x0000000000000000     0x816a
 .debug_macro   0x0000000000000000       0xc7 /tmp/ccYKObn3.debug.temp.o
 .debug_macro   0x00000000000000c7      0x766 /tmp/ccYKObn3.debug.temp.o
 .debug_macro   0x000000000000082d       0x88 /tmp/ccYKObn3.debug.temp.o
 .debug_macro   0x00000000000008b5       0x8e /tmp/ccYKObn3.debug.temp.o
 .debug_macro   0x0000000000000943       0x51 /tmp/ccYKObn3.debug.temp.o
 .debug_macro   0x0000000000000994       0x28 /tmp/ccYKObn3.debug.temp.o
 .debug_macro   0x00000000000009bc       0x1c /tmp/ccYKObn3.debug.temp.o
 .debug_macro   0x00000000000009d8       0x30 /tmp/ccYKObn3.debug.temp.o
 .debug_macro   0x0000000000000a08      0x798 /tmp/ccYKObn3.debug.temp.o
 .debug_macro   0x00000000000011a0      0x1ef /tmp/ccR8FtU3.debug.temp.o
 .debug_macro   0x000000000000138f       0x16 /tmp/ccR8FtU3.debug.temp.o
 .debug_macro   0x00000000000013a5      0x183 /tmp/ccR8FtU3.debug.temp.o
 .debug_macro   0x0000000000001528       0x10 /tmp/ccR8FtU3.debug.temp.o
 .debug_macro   0x0000000000001538       0x16 /tmp/ccR8FtU3.debug.temp.o
 .debug_macro   0x000000000000154e       0x3a /tmp/ccR8FtU3.debug.temp.o
 .debug_macro   0x0000000000001588     0x14bd /tmp/ccR8FtU3.debug.temp.o
 .debug_macro   0x0000000000002a45      0x7a0 /tmp/ccR8FtU3.debug.temp.o
 .debug_macro   0x00000000000031e5       0x16 /tmp/ccR8FtU3.debug.temp.o
 .debug_macro   0x00000000000031fb      0x192 /tmp/cc3M8R80.debug.temp.o
 .debug_macro   0x000000000000338d       0x94 /tmp/cc3M8R80.debug.temp.o
 .debug_macro   0x0000000000003421       0x86 /tmp/cc3M8R80.debug.temp.o
 .debug_macro   0x00000000000034a7      0x374 /tmp/cc3M8R80.debug.temp.o
 .debug_macro   0x000000000000381b       0x16 /tmp/cc3M8R80.debug.temp.o
 .debug_macro   0x0000000000003831       0x10 /tmp/cc3M8R80.debug.temp.o
 .debug_macro   0x0000000000003841      0x156 /tmp/cce6orB3.debug.temp.o
 .debug_macro   0x0000000000003997       0x9c /tmp/ccQ1ADH2.debug.temp.o
 .debug_macro   0x0000000000003a33      0x1e7 /tmp/cc1Qz763.debug.temp.o
 .debug_macro   0x0000000000003c1a      0x17c /tmp/ccKu9WYZ.debug.temp.o
 .debug_macro   0x0000000000003d96       0x16 /tmp/ccKu9WYZ.debug.temp.o
 .debug_macro   0x0000000000003dac      0x100 /tmp/ccqvmz83.debug.temp.o
 .debug_macro   0x0000000000003eac      0x1c6 /tmp/ccfWNKVZ.debug.temp.o
 .debug_macro   0x0000000000004072      0x206 /tmp/ccKnof9Z.debug.temp.o
 .debug_macro   0x0000000000004278      0x28b /tmp/cc7J9Vj0.debug.temp.o
 .debug_macro   0x0000000000004503      0x16d /tmp/cc7J9Vj0.debug.temp.o
 .debug_macro   0x0000000000004670       0x10 /tmp/cc7J9Vj0.debug.temp.o
 .debug_macro   0x0000000000004680      0x1fb /tmp/ccBym5i1.debug.temp.o
 .debug_macro   0x000000000000487b      0x291 /tmp/ccWYnS8Z.debug.temp.o
 .debug_macro   0x0000000000004b0c       0x2a /tmp/ccWYnS8Z.debug.temp.o
 .debug_macro   0x0000000000004b36       0x76 /tmp/ccZSVYz1.debug.temp.o
 .debug_macro   0x0000000000004bac       0x6d /tmp/ccPl1uA2.debug.temp.o
 .debug_macro   0x0000000000004c19       0xb1 /tmp/ccfNEMj3.debug.temp.o
 .debug_macro   0x0000000000004cca      0x234 /tmp/cc8YM480.debug.temp.o
 .debug_macro   0x0000000000004efe      0x1dc /tmp/ccGOpn83.debug.temp.o
 .debug_macro   0x00000000000050da       0xf2 /tmp/ccGni6Z0.debug.temp.o
 .debug_macro   0x00000000000051cc      0x17c /tmp/ccGsctf4.debug.temp.o
 .debug_macro   0x0000000000005348      0x16f /tmp/cckdQAa1.debug.temp.o
 .debug_macro   0x00000000000054b7       0x6d /tmp/cc1GaRe2.debug.temp.o
 .debug_macro   0x0000000000005524      0x1ad /tmp/ccQbCMB0.debug.temp.o
 .debug_macro   0x00000000000056d1      0x1e4 /tmp/ccJbQ9E0.debug.temp.o
 .debug_macro   0x00000000000058b5       0x22 /tmp/ccJbQ9E0.debug.temp.o
 .debug_macro   0x00000000000058d7      0x14b /tmp/ccjQUFz0.debug.temp.o
 .debug_macro   0x0000000000005a22       0x76 /tmp/ccjQUFz0.debug.temp.o
 .debug_macro   0x0000000000005a98      0x6e4 /tmp/ccjQUFz0.debug.temp.o
 .debug_macro   0x000000000000617c       0xa4 /tmp/ccL4kuf3.debug.temp.o
 .debug_macro   0x0000000000006220       0xa9 /tmp/ccsqYZR2.debug.temp.o
 .debug_macro   0x00000000000062c9       0x34 /tmp/ccsqYZR2.debug.temp.o
 .debug_macro   0x00000000000062fd       0xc1 /tmp/ccJbjDi4.debug.temp.o
 .debug_macro   0x00000000000063be       0xe4 /home/med/Desktop/workflow/build/digilent_arty_cv32e41p/software/libc/libc.a(libc_string_strchr.c.o)
 .debug_macro   0x00000000000064a2       0x10 /home/med/Desktop/workflow/build/digilent_arty_cv32e41p/software/libc/libc.a(libc_string_strchr.c.o)
 .debug_macro   0x00000000000064b2      0x133 /home/med/Desktop/workflow/build/digilent_arty_cv32e41p/software/libc/libc.a(libc_tinystdio_fgetc.c.o)
 .debug_macro   0x00000000000065e5       0x82 /home/med/Desktop/workflow/build/digilent_arty_cv32e41p/software/libc/libc.a(libc_tinystdio_fgetc.c.o)
 .debug_macro   0x0000000000006667       0x97 /home/med/Desktop/workflow/build/digilent_arty_cv32e41p/software/libc/libc.a(libc_tinystdio_fgetc.c.o)
 .debug_macro   0x00000000000066fe       0x20 /home/med/Desktop/workflow/build/digilent_arty_cv32e41p/software/libc/libc.a(libc_tinystdio_fgetc.c.o)
 .debug_macro   0x000000000000671e       0x22 /home/med/Desktop/workflow/build/digilent_arty_cv32e41p/software/libc/libc.a(libc_tinystdio_fgetc.c.o)
 .debug_macro   0x0000000000006740       0x5e /home/med/Desktop/workflow/build/digilent_arty_cv32e41p/software/libc/libc.a(libc_tinystdio_fgetc.c.o)
 .debug_macro   0x000000000000679e       0x49 /home/med/Desktop/workflow/build/digilent_arty_cv32e41p/software/libc/libc.a(libc_tinystdio_fgetc.c.o)
 .debug_macro   0x00000000000067e7      0x133 /home/med/Desktop/workflow/build/digilent_arty_cv32e41p/software/libc/libc.a(libc_tinystdio_fputc.c.o)
 .debug_macro   0x000000000000691a      0x11b /home/med/Desktop/workflow/build/digilent_arty_cv32e41p/software/libc/libc.a(libc_tinystdio_fputs.c.o)
 .debug_macro   0x0000000000006a35       0xf2 /home/med/Desktop/workflow/build/digilent_arty_cv32e41p/software/libc/libc.a(libc_tinystdio_printf.c.o)
 .debug_macro   0x0000000000006b27      0x11b /home/med/Desktop/workflow/build/digilent_arty_cv32e41p/software/libc/libc.a(libc_tinystdio_puts.c.o)
 .debug_macro   0x0000000000006c42      0x23d /home/med/Desktop/workflow/build/digilent_arty_cv32e41p/software/libc/libc.a(libc_tinystdio_vfiprintf.c.o)
 .debug_macro   0x0000000000006e7f       0x86 /home/med/Desktop/workflow/build/digilent_arty_cv32e41p/software/libc/libc.a(libc_tinystdio_vfiprintf.c.o)
 .debug_macro   0x0000000000006f05       0x27 /home/med/Desktop/workflow/build/digilent_arty_cv32e41p/software/libc/libc.a(libc_tinystdio_vfiprintf.c.o)
 .debug_macro   0x0000000000006f2c       0xb9 /home/med/Desktop/workflow/build/digilent_arty_cv32e41p/software/libc/libc.a(libc_tinystdio_vfiprintf.c.o)
 .debug_macro   0x0000000000006fe5      0x17f /home/med/Desktop/workflow/build/digilent_arty_cv32e41p/software/libc/libc.a(libc_tinystdio_vfiprintf.c.o)
 .debug_macro   0x0000000000007164       0x16 /home/med/Desktop/workflow/build/digilent_arty_cv32e41p/software/libc/libc.a(libc_tinystdio_vfiprintf.c.o)
 .debug_macro   0x000000000000717a       0x16 /home/med/Desktop/workflow/build/digilent_arty_cv32e41p/software/libc/libc.a(libc_tinystdio_vfiprintf.c.o)
 .debug_macro   0x0000000000007190      0x15b /home/med/Desktop/workflow/build/digilent_arty_cv32e41p/software/libc/libc.a(libc_tinystdio_vfiprintf.c.o)
 .debug_macro   0x00000000000072eb       0x16 /home/med/Desktop/workflow/build/digilent_arty_cv32e41p/software/libc/libc.a(libc_tinystdio_vfiprintf.c.o)
 .debug_macro   0x0000000000007301       0x60 /home/med/Desktop/workflow/build/digilent_arty_cv32e41p/software/libc/libc.a(libc_tinystdio_vfiprintf.c.o)
 .debug_macro   0x0000000000007361       0x2b /home/med/Desktop/workflow/build/digilent_arty_cv32e41p/software/libc/libc.a(libc_tinystdio_vfiprintf.c.o)
 .debug_macro   0x000000000000738c       0x10 /home/med/Desktop/workflow/build/digilent_arty_cv32e41p/software/libc/libc.a(libc_tinystdio_vfiprintf.c.o)
 .debug_macro   0x000000000000739c       0xc0 /home/med/Desktop/workflow/build/digilent_arty_cv32e41p/software/libc/libc.a(libc_tinystdio_vfiprintf.c.o)
 .debug_macro   0x000000000000745c       0xc0 /home/med/Desktop/workflow/build/digilent_arty_cv32e41p/software/libc/libc.a(strlen.c.o)
 .debug_macro   0x000000000000751c      0x784 /home/med/Desktop/workflow/build/digilent_arty_cv32e41p/software/libc/libc.a(strlen.c.o)
 .debug_macro   0x0000000000007ca0       0xe6 /home/med/Desktop/workflow/build/digilent_arty_cv32e41p/software/libc/libc.a(libc_string_strnlen.c.o)
 .debug_macro   0x0000000000007d86       0x94 /home/med/Desktop/workflow/build/digilent_arty_cv32e41p/software/libc/libc.a(libc_string_strnlen.c.o)
 .debug_macro   0x0000000000007e1a       0xd4 /home/med/Desktop/workflow/build/digilent_arty_cv32e41p/software/libcompiler_rt/libcompiler_rt.a(udivmoddi4.o)
 .debug_macro   0x0000000000007eee       0xd4 /home/med/Desktop/workflow/build/digilent_arty_cv32e41p/software/libcompiler_rt/libcompiler_rt.a(clzsi2.o)
 .debug_macro   0x0000000000007fc2       0xd4 /home/med/Desktop/workflow/build/digilent_arty_cv32e41p/software/libcompiler_rt/libcompiler_rt.a(ctzsi2.o)
 .debug_macro   0x0000000000008096       0xd4 /home/med/Desktop/workflow/build/digilent_arty_cv32e41p/software/libcompiler_rt/libcompiler_rt.a(udivdi3.o)
